[covid.apollo247.com/index.html]
[backblue.gif]
[fade.gif]
[index.html]
[covid.apollo247.com/static/assets/images/og.jpg]
[covid.apollo247.com/static/assets/images/favicon.ico]
[covid.apollo247.com/static/assets/css/main.min.css]
[connect.facebook.net/en_US/fbevents.js]
[cdn.jsdelivr.net/vue/latest/vue.min.js]
[covid.apollo247.com/index.html]
[www.googletagmanager.com/gtm5445.html]
[covid.apollo247.com/static/assets/js/main.min.js]
[covid.apollo247.com/static/assets/css/main.min.css]
[covid.apollo247.com/static/assets/css/reset.css]
[covid.apollo247.com/POST]
[connect.facebook.net/en_US/fbevents.js]
[covid.apollo247.com/static/assets/images/logo.svg]
[covid.apollo247.com/static/assets/css/reset.css]
[covid.apollo247.com/POST.html]
[covid.apollo247.com/static/assets/font/stylesheet.css]
[covid.apollo247.com/static/assets/font/hinted-HelveticaNeueMedium.eot]
[covid.apollo247.com/static/assets/font/hinted-HelveticaNeueMediumd41d.eot]
[covid.apollo247.com/static/assets/font/hinted-HelveticaNeueMedium.woff2]
[covid.apollo247.com/static/assets/font/hinted-HelveticaNeueMedium.woff]
[covid.apollo247.com/static/assets/font/hinted-HelveticaNeueMedium.ttf]
[covid.apollo247.com/static/assets/font/hinted-HelveticaNeueBlackCond.eot]
[covid.apollo247.com/static/assets/font/hinted-HelveticaNeueBlackCondd41d.eot]
[covid.apollo247.com/static/assets/font/hinted-HelveticaNeueBlackCond.woff2]
[covid.apollo247.com/static/assets/font/hinted-HelveticaNeueBlackCond.woff]
[covid.apollo247.com/static/assets/font/hinted-HelveticaNeueBlackCond.ttf]
[covid.apollo247.com/static/assets/font/hinted-HelveticaNeueLight.eot]
[covid.apollo247.com/static/assets/font/hinted-HelveticaNeueLightd41d.eot]
[covid.apollo247.com/static/assets/font/hinted-HelveticaNeueLight.woff2]
[covid.apollo247.com/static/assets/font/hinted-HelveticaNeueLight.woff]
[covid.apollo247.com/static/assets/font/hinted-HelveticaNeueLight.ttf]
[covid.apollo247.com/static/assets/font/hinted-HelveticaNeueItalic.eot]
[covid.apollo247.com/static/assets/font/hinted-HelveticaNeueItalicd41d.eot]
[covid.apollo247.com/static/assets/font/hinted-HelveticaNeueItalic.woff2]
[covid.apollo247.com/static/assets/font/hinted-HelveticaNeueItalic.woff]
[covid.apollo247.com/static/assets/font/hinted-HelveticaNeueItalic.ttf]
[covid.apollo247.com/static/assets/font/hinted-HelveticaNeueBold.eot]
[covid.apollo247.com/static/assets/font/hinted-HelveticaNeueBoldd41d.eot]
[covid.apollo247.com/static/assets/font/hinted-HelveticaNeueBold.woff2]
[covid.apollo247.com/static/assets/font/hinted-HelveticaNeueBold.woff]
[covid.apollo247.com/static/assets/font/hinted-HelveticaNeueBold.ttf]
[covid.apollo247.com/static/assets/font/hinted-HelveticaNeueThin.eot]
[covid.apollo247.com/static/assets/font/hinted-HelveticaNeueThind41d.eot]
[covid.apollo247.com/static/assets/font/hinted-HelveticaNeueThin.woff2]
[covid.apollo247.com/static/assets/font/hinted-HelveticaNeueThin.woff]
[covid.apollo247.com/static/assets/font/hinted-HelveticaNeueThin.ttf]
[covid.apollo247.com/static/assets/font/hinted-HelveticaNeueRegular.eot]
[covid.apollo247.com/static/assets/font/hinted-HelveticaNeueRegulard41d.eot]
[covid.apollo247.com/static/assets/font/hinted-HelveticaNeueRegular.woff2]
[covid.apollo247.com/static/assets/font/hinted-HelveticaNeueRegular.woff]
[covid.apollo247.com/static/assets/font/hinted-HelveticaNeueRegular.ttf]
[covid.apollo247.com/static/assets/font/hinted-HelveticaNeueHeavy.eot]
[covid.apollo247.com/static/assets/font/hinted-HelveticaNeueHeavyd41d.eot]
[covid.apollo247.com/static/assets/font/hinted-HelveticaNeueHeavy.woff2]
[covid.apollo247.com/static/assets/font/hinted-HelveticaNeueHeavy.woff]
[covid.apollo247.com/static/assets/font/hinted-HelveticaNeueHeavy.ttf]
[covid.apollo247.com/static/assets/font/stylesheet.css]
[covid.apollo247.com/static/assets/font/hinted-HelveticaNeueMedium.svg]
[covid.apollo247.com/static/assets/font/hinted-HelveticaNeueBlackCond.svg]
[covid.apollo247.com/static/assets/font/hinted-HelveticaNeueLight.svg]
[covid.apollo247.com/static/assets/font/hinted-HelveticaNeueItalic.svg]
[covid.apollo247.com/static/assets/font/hinted-HelveticaNeueBold.svg]
[covid.apollo247.com/static/assets/font/hinted-HelveticaNeueThin.svg]
[covid.apollo247.com/static/assets/font/hinted-HelveticaNeueRegular.svg]
[covid.apollo247.com/static/assets/font/hinted-HelveticaNeueHeavy.svg]
